. - . .- . .. /.. -- -. -- .-- ... -- -.- ---
* A T R C B E D L S !